2026-07-14 19:46:35 | INFO    | ae_sindy.run_train | run_train:34 | loading data from final_thesis_package_v001/results/00_simulation/u_series.npy
2026-07-14 19:46:35 | INFO    | ae_sindy.run_train | run_train:51 | saved train-fitted normalization stats mean=4.13804874e-03 std=1.18905735e+00
2026-07-14 19:46:35 | INFO    | ae_sindy.train | train:196 | starting training run_name=repro_latent8_trial014 device=cuda seed=42 deterministic=True input_dim=64 latent_dim=8 model_order=1 poly_order=2 widths=[256, 128, 64] batch_size=512 max_epochs=500 refinement_epochs=50
2026-07-14 19:46:35 | DEBUG   | ae_sindy.train | train:211 | full_params={'input_dim': 64, 'latent_dim': 8, 'model_order': 1, 'poly_order': 2, 'include_sine': False, 'library_dim': 45, 'activation': 'elu', 'widths': [256, 128, 64], 'coefficient_initialization': 'xavier', 'sequential_thresholding': True, 'coefficient_threshold': 0.08858109183273348, 'coefficient_mask': array([[1., 1., 1., 1., 1., 1., 1., 1.],
       [1., 1., 1., 1., 1., 1., 1., 1.],
       [1., 1., 1., 1., 1., 1., 1., 1.],
       [1., 1., 1., 1., 1., 1., 1., 1.],
       [1., 1., 1., 1., 1., 1., 1., 1.],
       [1., 1., 1., 1., 1., 1., 1., 1.],
       [1., 1., 1., 1., 1., 1., 1., 1.],
       [1., 1., 1., 1., 1., 1., 1., 1.],
       [1., 1., 1., 1., 1., 1., 1., 1.],
       [1., 1., 1., 1., 1., 1., 1., 1.],
       [1., 1., 1., 1., 1., 1., 1., 1.],
       [1., 1., 1., 1., 1., 1., 1., 1.],
       [1., 1., 1., 1., 1., 1., 1., 1.],
       [1., 1., 1., 1., 1., 1., 1., 1.],
       [1., 1., 1., 1., 1., 1., 1., 1.],
       [1., 1., 1., 1., 1., 1., 1., 1.],
       [1., 1., 1., 1., 1., 1., 1., 1.],
       [1., 1., 1., 1., 1., 1., 1., 1.],
       [1., 1., 1., 1., 1., 1., 1., 1.],
       [1., 1., 1., 1., 1., 1., 1., 1.],
       [1., 1., 1., 1., 1., 1., 1., 1.],
       [1., 1., 1., 1., 1., 1., 1., 1.],
       [1., 1., 1., 1., 1., 1., 1., 1.],
       [1., 1., 1., 1., 1., 1., 1., 1.],
       [1., 1., 1., 1., 1., 1., 1., 1.],
       [1., 1., 1., 1., 1., 1., 1., 1.],
       [1., 1., 1., 1., 1., 1., 1., 1.],
       [1., 1., 1., 1., 1., 1., 1., 1.],
       [1., 1., 1., 1., 1., 1., 1., 1.],
       [1., 1., 1., 1., 1., 1., 1., 1.],
       [1., 1., 1., 1., 1., 1., 1., 1.],
       [1., 1., 1., 1., 1., 1., 1., 1.],
       [1., 1., 1., 1., 1., 1., 1., 1.],
       [1., 1., 1., 1., 1., 1., 1., 1.],
       [1., 1., 1., 1., 1., 1., 1., 1.],
       [1., 1., 1., 1., 1., 1., 1., 1.],
       [1., 1., 1., 1., 1., 1., 1., 1.],
       [1., 1., 1., 1., 1., 1., 1., 1.],
       [1., 1., 1., 1., 1., 1., 1., 1.],
       [1., 1., 1., 1., 1., 1., 1., 1.],
       [1., 1., 1., 1., 1., 1., 1., 1.],
       [1., 1., 1., 1., 1., 1., 1., 1.],
       [1., 1., 1., 1., 1., 1., 1., 1.],
       [1., 1., 1., 1., 1., 1., 1., 1.],
       [1., 1., 1., 1., 1., 1., 1., 1.]], dtype=float32), 'loss_weight_decoder': 1.0, 'loss_weight_sindy_z': 0.5370872456174222, 'loss_weight_sindy_x': 0.0011516030239050454, 'loss_weight_sindy_regularization': 0.004424352338720658, 'learning_rate': 0.00014844201349767605, 'batch_size': 512, 'epoch_size': None, 'max_epochs': 500, 'refinement_epochs': 50, 'print_progress': True, 'print_frequency': 10, 'threshold_frequency': 25, 'device': device(type='cuda'), 'seed': 42, 'deterministic': True, 'data_path': 'final_thesis_package_v001/results/01_ae_sindy/latent8_trial014_representation/repro_latent8_trial014/', 'save_name': 'repro_latent8_trial014', 'dt': 0.1, 'data_file': 'final_thesis_package_v001/results/00_simulation/u_series.npy', 'train_slice': [0, 20000], 'val_slice': [20000, 25000], 'test_slice': [25000, 30000], 'normalize': True, 'horizon_error_threshold': 0.5, 'analysis_generate_plots': False, 'analysis_rollout_max_steps': 1000, 'visualization_output_dir': None, 'visualization_show': False, 'use_lyapunov': True, 'lambda_max': 0.043, 'lyapunov_time_label': 'time $t$ [$1/\\lambda_{\\max}$]', 'physical_time_label': 'time $t$', 'log_level': 'INFO'}
2026-07-14 19:46:41 | INFO    | ae_sindy.train | train:233 | training_samples=20000 validation_samples=5000 num_batches=39 initial_active=360
2026-07-14 19:46:42 | INFO    | ae_sindy.train | train:135 | epoch=0 train_total=8.355126e-01 val_total=8.788718e-01 dec=8.240740e-01 lat=1.004879e-01 phys=5.707418e-02 reg=1.720657e-01 dec_ratio=8.422288e-01 dyn_ratio=1.313495e+00 active=360
2026-07-14 19:46:42 | DEBUG   | ae_sindy.train | train:148 | train_losses={'decoder': 0.7985813617706299, 'sindy_z': 0.06723912805318832, 'sindy_x': 0.049257755279541016, 'sindy_regularization': 0.17206570506095886} val_losses={'decoder': 0.8240740299224854, 'sindy_z': 0.10048791766166687, 'sindy_x': 0.057074181735515594, 'sindy_regularization': 0.17206570506095886}
2026-07-14 19:46:48 | INFO    | ae_sindy.train | train:135 | epoch=10 train_total=9.850750e-02 val_total=1.598940e-01 dec=1.168619e-01 lat=7.827176e-02 phys=2.232105e-01 reg=1.664069e-01 dec_ratio=1.194364e-01 dyn_ratio=5.136926e+00 active=360
2026-07-14 19:46:48 | DEBUG   | ae_sindy.train | train:148 | train_losses={'decoder': 0.07328923046588898, 'sindy_z': 0.04531719535589218, 'sindy_x': 0.12394546717405319, 'sindy_regularization': 0.16640686988830566} val_losses={'decoder': 0.11686190962791443, 'sindy_z': 0.0782717615365982, 'sindy_x': 0.22321046888828278, 'sindy_regularization': 0.16640686988830566}
2026-07-14 19:46:53 | INFO    | ae_sindy.train | train:135 | epoch=20 train_total=5.674960e-02 val_total=1.162846e-01 dec=8.954486e-02 lat=4.795997e-02 phys=2.261908e-01 reg=1.628742e-01 dec_ratio=9.151758e-02 dyn_ratio=5.205516e+00 active=360
2026-07-14 19:46:53 | DEBUG   | ae_sindy.train | train:148 | train_losses={'decoder': 0.041369758546352386, 'sindy_z': 0.027012083679437637, 'sindy_x': 0.13146020472049713, 'sindy_regularization': 0.16287420690059662} val_losses={'decoder': 0.0895448550581932, 'sindy_z': 0.04795997217297554, 'sindy_x': 0.22619083523750305, 'sindy_regularization': 0.16287420690059662}
2026-07-14 19:46:56 | INFO    | ae_sindy.train | train:265 | threshold_update epoch=25 threshold=0.0885811 active=258
2026-07-14 19:46:58 | INFO    | ae_sindy.train | train:135 | epoch=30 train_total=4.249381e-02 val_total=8.260683e-02 dec=6.259406e-02 lat=3.561081e-02 phys=2.117990e-01 reg=1.452749e-01 dec_ratio=6.397304e-02 dyn_ratio=4.874304e+00 active=258
2026-07-14 19:46:58 | DEBUG   | ae_sindy.train | train:148 | train_losses={'decoder': 0.031217196956276894, 'sindy_z': 0.019533973187208176, 'sindy_x': 0.12367187440395355, 'sindy_regularization': 0.14527489244937897} val_losses={'decoder': 0.06259406358003616, 'sindy_z': 0.035610806196928024, 'sindy_x': 0.21179896593093872, 'sindy_regularization': 0.14527489244937897}
2026-07-14 19:47:04 | INFO    | ae_sindy.train | train:135 | epoch=40 train_total=3.768737e-02 val_total=7.491199e-02 dec=5.998177e-02 lat=2.623812e-02 phys=1.833352e-01 reg=1.417021e-01 dec_ratio=6.130320e-02 dyn_ratio=4.219244e+00 active=258
2026-07-14 19:47:04 | DEBUG   | ae_sindy.train | train:148 | train_losses={'decoder': 0.02922753617167473, 'sindy_z': 0.014358367770910263, 'sindy_x': 0.10524364560842514, 'sindy_regularization': 0.1417020857334137} val_losses={'decoder': 0.05998176708817482, 'sindy_z': 0.026238124817609787, 'sindy_x': 0.18333522975444794, 'sindy_regularization': 0.1417020857334137}
2026-07-14 19:47:09 | INFO    | ae_sindy.train | train:135 | epoch=50 train_total=3.078280e-02 val_total=6.202204e-02 dec=4.939599e-02 lat=2.202071e-02 phys=1.630617e-01 reg=1.381499e-01 dec_ratio=5.048421e-02 dyn_ratio=3.752673e+00 active=258
2026-07-14 19:47:09 | DEBUG   | ae_sindy.train | train:148 | train_losses={'decoder': 0.02351757511496544, 'sindy_z': 0.012179795652627945, 'sindy_x': 0.09759622812271118, 'sindy_regularization': 0.1381499022245407} val_losses={'decoder': 0.04939599335193634, 'sindy_z': 0.022020705044269562, 'sindy_x': 0.1630617082118988, 'sindy_regularization': 0.1381499022245407}
2026-07-14 19:47:09 | INFO    | ae_sindy.train | train:265 | threshold_update epoch=50 threshold=0.0885811 active=245
2026-07-14 19:47:15 | INFO    | ae_sindy.train | train:135 | epoch=60 train_total=2.541696e-02 val_total=5.358696e-02 dec=4.261759e-02 lat=1.902820e-02 phys=1.436260e-01 reg=1.320348e-01 dec_ratio=4.355648e-02 dyn_ratio=3.305383e+00 active=245
2026-07-14 19:47:15 | DEBUG   | ae_sindy.train | train:148 | train_losses={'decoder': 0.018896793946623802, 'sindy_z': 0.01086762361228466, 'sindy_x': 0.08608636260032654, 'sindy_regularization': 0.1320347785949707} val_losses={'decoder': 0.042617589235305786, 'sindy_z': 0.019028199836611748, 'sindy_x': 0.14362600445747375, 'sindy_regularization': 0.1320347785949707}
2026-07-14 19:47:20 | INFO    | ae_sindy.train | train:135 | epoch=70 train_total=1.868795e-02 val_total=4.841404e-02 dec=3.950929e-02 lat=1.525833e-02 phys=1.227365e-01 reg=1.284618e-01 dec_ratio=4.037970e-02 dyn_ratio=2.824635e+00 active=245
2026-07-14 19:47:20 | DEBUG   | ae_sindy.train | train:148 | train_losses={'decoder': 0.013215016573667526, 'sindy_z': 0.008979303762316704, 'sindy_x': 0.07112081348896027, 'sindy_regularization': 0.1284617781639099} val_losses={'decoder': 0.03950928524136543, 'sindy_z': 0.015258328057825565, 'sindy_x': 0.12273646891117096, 'sindy_regularization': 0.1284617781639099}
2026-07-14 19:47:23 | INFO    | ae_sindy.train | train:265 | threshold_update epoch=75 threshold=0.0885811 active=232
2026-07-14 19:47:25 | INFO    | ae_sindy.train | train:135 | epoch=80 train_total=1.650834e-02 val_total=4.434933e-02 dec=3.470018e-02 lat=1.670209e-02 phys=1.235620e-01 reg=1.212320e-01 dec_ratio=3.546465e-02 dyn_ratio=2.843634e+00 active=232
2026-07-14 19:47:25 | DEBUG   | ae_sindy.train | train:148 | train_losses={'decoder': 0.01098504289984703, 'sindy_z': 0.009136645123362541, 'sindy_x': 0.06925267726182938, 'sindy_regularization': 0.12123195081949234} val_losses={'decoder': 0.0347001813352108, 'sindy_z': 0.016702087596058846, 'sindy_x': 0.12356199324131012, 'sindy_regularization': 0.12123195081949234}
2026-07-14 19:47:31 | INFO    | ae_sindy.train | train:135 | epoch=90 train_total=1.258253e-02 val_total=3.724969e-02 dec=2.873433e-02 lat=1.464728e-02 phys=1.130302e-01 reg=1.171540e-01 dec_ratio=2.936736e-02 dyn_ratio=2.601257e+00 active=232
2026-07-14 19:47:31 | DEBUG   | ae_sindy.train | train:148 | train_losses={'decoder': 0.008004121482372284, 'sindy_z': 0.007432970218360424, 'sindy_x': 0.05898417532444, 'sindy_regularization': 0.11715401709079742} val_losses={'decoder': 0.028734326362609863, 'sindy_z': 0.014647281728684902, 'sindy_x': 0.11303021013736725, 'sindy_regularization': 0.11715401709079742}
2026-07-14 19:47:36 | INFO    | ae_sindy.train | train:135 | epoch=100 train_total=1.123222e-02 val_total=3.443918e-02 dec=2.669266e-02 lat=1.328611e-02 phys=9.626351e-02 reg=1.129805e-01 dec_ratio=2.728071e-02 dyn_ratio=2.215391e+00 active=232
2026-07-14 19:47:36 | DEBUG   | ae_sindy.train | train:148 | train_losses={'decoder': 0.006762723904103041, 'sindy_z': 0.007278469391167164, 'sindy_x': 0.05249713361263275, 'sindy_regularization': 0.11298046261072159} val_losses={'decoder': 0.02669266052544117, 'sindy_z': 0.0132861053571105, 'sindy_x': 0.09626351296901703, 'sindy_regularization': 0.11298046261072159}
2026-07-14 19:47:36 | INFO    | ae_sindy.train | train:265 | threshold_update epoch=100 threshold=0.0885811 active=210
2026-07-14 19:47:41 | INFO    | ae_sindy.train | train:135 | epoch=110 train_total=1.103901e-02 val_total=3.077546e-02 dec=2.408126e-02 lat=1.141981e-02 phys=8.562095e-02 reg=1.044587e-01 dec_ratio=2.461178e-02 dyn_ratio=1.970465e+00 active=210
2026-07-14 19:47:41 | DEBUG   | ae_sindy.train | train:148 | train_losses={'decoder': 0.006730201654136181, 'sindy_z': 0.007047074846923351, 'sindy_x': 0.05361854285001755, 'sindy_regularization': 0.10445870459079742} val_losses={'decoder': 0.024081259965896606, 'sindy_z': 0.011419808492064476, 'sindy_x': 0.0856209471821785, 'sindy_regularization': 0.10445870459079742}
2026-07-14 19:47:47 | INFO    | ae_sindy.train | train:135 | epoch=120 train_total=8.497248e-03 val_total=2.789647e-02 dec=2.185932e-02 lat=1.024785e-02 phys=7.679978e-02 reg=1.005173e-01 dec_ratio=2.234089e-02 dyn_ratio=1.767456e+00 active=210
2026-07-14 19:47:47 | DEBUG   | ae_sindy.train | train:148 | train_losses={'decoder': 0.004507493227720261, 'sindy_z': 0.0064947581849992275, 'sindy_x': 0.04930398613214493, 'sindy_regularization': 0.10051734000444412} val_losses={'decoder': 0.021859316155314445, 'sindy_z': 0.010247847065329552, 'sindy_x': 0.07679978013038635, 'sindy_regularization': 0.10051734000444412}
2026-07-14 19:47:49 | INFO    | ae_sindy.train | train:265 | threshold_update epoch=125 threshold=0.0885811 active=188
2026-07-14 19:47:52 | INFO    | ae_sindy.train | train:135 | epoch=130 train_total=8.882171e-03 val_total=2.605567e-02 dec=2.067913e-02 lat=9.099719e-03 phys=7.022277e-02 reg=9.229086e-02 dec_ratio=2.113470e-02 dyn_ratio=1.616094e+00 active=188
2026-07-14 19:47:52 | DEBUG   | ae_sindy.train | train:148 | train_losses={'decoder': 0.004597809631377459, 'sindy_z': 0.007095864042639732, 'sindy_x': 0.05638822168111801, 'sindy_regularization': 0.09229085594415665} val_losses={'decoder': 0.020679129287600517, 'sindy_z': 0.009099719114601612, 'sindy_x': 0.07022277265787125, 'sindy_regularization': 0.09229085594415665}
2026-07-14 19:47:57 | INFO    | ae_sindy.train | train:135 | epoch=140 train_total=7.868344e-03 val_total=2.403143e-02 dec=1.907977e-02 lat=8.357667e-03 phys=6.268314e-02 reg=8.830012e-02 dec_ratio=1.950011e-02 dyn_ratio=1.442579e+00 active=188
2026-07-14 19:47:57 | DEBUG   | ae_sindy.train | train:148 | train_losses={'decoder': 0.004192546010017395, 'sindy_z': 0.00601889006793499, 'sindy_x': 0.045552004128694534, 'sindy_regularization': 0.08830012381076813} val_losses={'decoder': 0.019079774618148804, 'sindy_z': 0.008357667364180088, 'sindy_x': 0.06268314272165298, 'sindy_regularization': 0.08830012381076813}
2026-07-14 19:48:02 | INFO    | ae_sindy.train | train:135 | epoch=150 train_total=7.924890e-03 val_total=2.267460e-02 dec=1.767267e-02 lat=8.482288e-03 phys=6.192673e-02 reg=8.473188e-02 dec_ratio=1.806201e-02 dyn_ratio=1.425171e+00 active=188
2026-07-14 19:48:02 | DEBUG   | ae_sindy.train | train:148 | train_losses={'decoder': 0.004407593980431557, 'sindy_z': 0.005759222432971001, 'sindy_x': 0.04272954538464546, 'sindy_regularization': 0.08473187685012817} val_losses={'decoder': 0.017672674730420113, 'sindy_z': 0.008482287637889385, 'sindy_x': 0.06192672997713089, 'sindy_regularization': 0.08473187685012817}
2026-07-14 19:48:02 | INFO    | ae_sindy.train | train:265 | threshold_update epoch=150 threshold=0.0885811 active=169
2026-07-14 19:48:08 | INFO    | ae_sindy.train | train:135 | epoch=160 train_total=6.097229e-03 val_total=1.700112e-02 dec=1.299552e-02 lat=6.704999e-03 phys=5.245045e-02 reg=7.775748e-02 dec_ratio=1.328182e-02 dyn_ratio=1.207085e+00 active=169
2026-07-14 19:48:08 | DEBUG   | ae_sindy.train | train:148 | train_losses={'decoder': 0.003165995003655553, 'sindy_z': 0.004734824411571026, 'sindy_x': 0.038376063108444214, 'sindy_regularization': 0.07775747776031494} val_losses={'decoder': 0.012995519675314426, 'sindy_z': 0.006704998668283224, 'sindy_x': 0.052450451999902725, 'sindy_regularization': 0.07775747776031494}
2026-07-14 19:48:13 | INFO    | ae_sindy.train | train:135 | epoch=170 train_total=5.868527e-03 val_total=1.766375e-02 dec=1.386302e-02 lat=6.350459e-03 phys=5.113528e-02 reg=7.483253e-02 dec_ratio=1.416843e-02 dyn_ratio=1.176818e+00 active=169
2026-07-14 19:48:13 | DEBUG   | ae_sindy.train | train:148 | train_losses={'decoder': 0.0030587492510676384, 'sindy_z': 0.0045353444293141365, 'sindy_x': 0.037179477512836456, 'sindy_regularization': 0.07483252882957458} val_losses={'decoder': 0.01386302150785923, 'sindy_z': 0.006350459065288305, 'sindy_x': 0.05113528296351433, 'sindy_regularization': 0.07483252882957458}
2026-07-14 19:48:16 | INFO    | ae_sindy.train | train:265 | threshold_update epoch=175 threshold=0.0885811 active=146
2026-07-14 19:48:18 | INFO    | ae_sindy.train | train:135 | epoch=180 train_total=5.355199e-03 val_total=1.888747e-02 dec=1.506745e-02 lat=6.448311e-03 phys=5.389515e-02 reg=6.659617e-02 dec_ratio=1.539939e-02 dyn_ratio=1.240333e+00 active=146
2026-07-14 19:48:18 | DEBUG   | ae_sindy.train | train:148 | train_losses={'decoder': 0.002706443890929222, 'sindy_z': 0.00430280901491642, 'sindy_x': 0.03744904696941376, 'sindy_regularization': 0.06659617274999619} val_losses={'decoder': 0.015067449770867825, 'sindy_z': 0.006448311265558004, 'sindy_x': 0.05389515310525894, 'sindy_regularization': 0.06659617274999619}
2026-07-14 19:48:24 | INFO    | ae_sindy.train | train:135 | epoch=190 train_total=5.504447e-03 val_total=1.962885e-02 dec=1.623177e-02 lat=5.700633e-03 phys=4.742572e-02 reg=6.345104e-02 dec_ratio=1.658936e-02 dyn_ratio=1.091447e+00 active=146
2026-07-14 19:48:24 | DEBUG   | ae_sindy.train | train:148 | train_losses={'decoder': 0.0032412665896117687, 'sindy_z': 0.003623897209763527, 'sindy_x': 0.0313485786318779, 'sindy_regularization': 0.06345104426145554} val_losses={'decoder': 0.01623176783323288, 'sindy_z': 0.005700633395463228, 'sindy_x': 0.04742572084069252, 'sindy_regularization': 0.06345104426145554}
2026-07-14 19:48:29 | INFO    | ae_sindy.train | train:135 | epoch=200 train_total=4.805513e-03 val_total=1.706256e-02 dec=1.380000e-02 lat=5.477832e-03 phys=4.509369e-02 reg=6.069948e-02 dec_ratio=1.410402e-02 dyn_ratio=1.037778e+00 active=146
2026-07-14 19:48:29 | DEBUG   | ae_sindy.train | train:148 | train_losses={'decoder': 0.0026533748023211956, 'sindy_z': 0.0034431694075465202, 'sindy_x': 0.029784152284264565, 'sindy_regularization': 0.06069948151707649} val_losses={'decoder': 0.013799997046589851, 'sindy_z': 0.005477832164615393, 'sindy_x': 0.04509368911385536, 'sindy_regularization': 0.06069948151707649}
2026-07-14 19:48:29 | INFO    | ae_sindy.train | train:265 | threshold_update epoch=200 threshold=0.0885811 active=120
2026-07-14 19:48:34 | INFO    | ae_sindy.train | train:135 | epoch=210 train_total=4.537155e-03 val_total=1.471086e-02 dec=1.146518e-02 lat=5.507404e-03 phys=4.516575e-02 reg=5.327713e-02 dec_ratio=1.171776e-02 dyn_ratio=1.039436e+00 active=120
2026-07-14 19:48:34 | DEBUG   | ae_sindy.train | train:148 | train_losses={'decoder': 0.0023578207474201918, 'sindy_z': 0.003554509487003088, 'sindy_x': 0.029988927766680717, 'sindy_regularization': 0.05327713489532471} val_losses={'decoder': 0.011465175077319145, 'sindy_z': 0.005507403519004583, 'sindy_x': 0.04516574740409851, 'sindy_regularization': 0.05327713489532471}
2026-07-14 19:48:40 | INFO    | ae_sindy.train | train:135 | epoch=220 train_total=4.188287e-03 val_total=1.419772e-02 dec=1.114498e-02 lat=5.174495e-03 phys=4.170232e-02 reg=5.098206e-02 dec_ratio=1.139051e-02 dyn_ratio=9.597297e-01 active=120
2026-07-14 19:48:40 | DEBUG   | ae_sindy.train | train:148 | train_losses={'decoder': 0.0022173901088535786, 'sindy_z': 0.0031910566613078117, 'sindy_x': 0.027316365391016006, 'sindy_regularization': 0.05098206177353859} val_losses={'decoder': 0.011144975200295448, 'sindy_z': 0.005174494814127684, 'sindy_x': 0.04170231521129608, 'sindy_regularization': 0.05098206177353859}
2026-07-14 19:48:42 | INFO    | ae_sindy.train | train:265 | threshold_update epoch=225 threshold=0.0885811 active=94
2026-07-14 19:48:45 | INFO    | ae_sindy.train | train:135 | epoch=230 train_total=4.234823e-03 val_total=1.582662e-02 dec=1.300267e-02 lat=4.815754e-03 phys=3.943681e-02 reg=4.341032e-02 dec_ratio=1.328912e-02 dyn_ratio=9.075917e-01 active=94
2026-07-14 19:48:45 | DEBUG   | ae_sindy.train | train:148 | train_losses={'decoder': 0.0022363937459886074, 'sindy_z': 0.0033074282109737396, 'sindy_x': 0.026041246950626373, 'sindy_regularization': 0.04341031610965729} val_losses={'decoder': 0.013002665713429451, 'sindy_z': 0.004815754014998674, 'sindy_x': 0.039436809718608856, 'sindy_regularization': 0.04341031610965729}
2026-07-14 19:48:50 | INFO    | ae_sindy.train | train:135 | epoch=240 train_total=4.802127e-03 val_total=2.021552e-02 dec=1.747000e-02 lat=4.692875e-03 phys=3.694931e-02 reg=4.124570e-02 dec_ratio=1.785487e-02 dyn_ratio=8.503449e-01 active=94
2026-07-14 19:48:50 | DEBUG   | ae_sindy.train | train:148 | train_losses={'decoder': 0.0030189910903573036, 'sindy_z': 0.002930973656475544, 'sindy_x': 0.022978540509939194, 'sindy_regularization': 0.04124569892883301} val_losses={'decoder': 0.017470000311732292, 'sindy_z': 0.004692875314503908, 'sindy_x': 0.03694931045174599, 'sindy_regularization': 0.04124569892883301}
2026-07-14 19:48:55 | INFO    | ae_sindy.train | train:135 | epoch=250 train_total=3.509706e-03 val_total=1.373097e-02 dec=1.115266e-02 lat=4.399976e-03 phys=3.542335e-02 reg=3.940753e-02 dec_ratio=1.139836e-02 dyn_ratio=8.152267e-01 active=94
2026-07-14 19:48:55 | DEBUG   | ae_sindy.train | train:148 | train_losses={'decoder': 0.00182526174467057, 'sindy_z': 0.0027640608604997396, 'sindy_x': 0.0221860408782959, 'sindy_regularization': 0.039407528936862946} val_losses={'decoder': 0.011152657680213451, 'sindy_z': 0.004399975761771202, 'sindy_x': 0.03542334958910942, 'sindy_regularization': 0.039407528936862946}
2026-07-14 19:48:55 | INFO    | ae_sindy.train | train:265 | threshold_update epoch=250 threshold=0.0885811 active=78
2026-07-14 19:49:01 | INFO    | ae_sindy.train | train:135 | epoch=260 train_total=3.605882e-03 val_total=1.294352e-02 dec=1.048400e-02 lat=4.220038e-03 phys=3.372844e-02 reg=3.484161e-02 dec_ratio=1.071496e-02 dyn_ratio=7.762204e-01 active=78
2026-07-14 19:49:01 | DEBUG   | ae_sindy.train | train:148 | train_losses={'decoder': 0.0018295421032235026, 'sindy_z': 0.002968615386635065, 'sindy_x': 0.02412503957748413, 'sindy_regularization': 0.03484161198139191} val_losses={'decoder': 0.010483996011316776, 'sindy_z': 0.004220038186758757, 'sindy_x': 0.03372844308614731, 'sindy_regularization': 0.03484161198139191}
2026-07-14 19:49:06 | INFO    | ae_sindy.train | train:135 | epoch=270 train_total=3.695645e-03 val_total=1.509656e-02 dec=1.280795e-02 lat=3.915612e-03 phys=3.231364e-02 reg=3.353477e-02 dec_ratio=1.309012e-02 dyn_ratio=7.436604e-01 active=78
2026-07-14 19:49:06 | DEBUG   | ae_sindy.train | train:148 | train_losses={'decoder': 0.0020904475823044777, 'sindy_z': 0.00266382098197937, 'sindy_x': 0.022684069350361824, 'sindy_regularization': 0.03353476896882057} val_losses={'decoder': 0.01280794944614172, 'sindy_z': 0.003915612120181322, 'sindy_x': 0.03231364116072655, 'sindy_regularization': 0.03353476896882057}
2026-07-14 19:49:09 | INFO    | ae_sindy.train | train:265 | threshold_update epoch=275 threshold=0.0885811 active=63
2026-07-14 19:49:11 | INFO    | ae_sindy.train | train:135 | epoch=280 train_total=3.411025e-03 val_total=1.295312e-02 dec=1.058775e-02 lat=4.093726e-03 phys=3.257019e-02 reg=2.919599e-02 dec_ratio=1.082100e-02 dyn_ratio=7.495646e-01 active=63
2026-07-14 19:49:11 | DEBUG   | ae_sindy.train | train:148 | train_losses={'decoder': 0.0017903534462675452, 'sindy_z': 0.002729672472923994, 'sindy_x': 0.022078316658735275, 'sindy_regularization': 0.029195990413427353} val_losses={'decoder': 0.01058774720877409, 'sindy_z': 0.0040937261655926704, 'sindy_x': 0.032570190727710724, 'sindy_regularization': 0.029195990413427353}
2026-07-14 19:49:17 | INFO    | ae_sindy.train | train:135 | epoch=290 train_total=3.584428e-03 val_total=1.383375e-02 dec=1.157056e-02 lat=3.915005e-03 phys=3.124634e-02 reg=2.813948e-02 dec_ratio=1.182547e-02 dyn_ratio=7.190976e-01 active=63
2026-07-14 19:49:17 | DEBUG   | ae_sindy.train | train:148 | train_losses={'decoder': 0.002042527077719569, 'sindy_z': 0.0025943550281226635, 'sindy_x': 0.020846378058195114, 'sindy_regularization': 0.028139475733041763} val_losses={'decoder': 0.011570562608540058, 'sindy_z': 0.00391500536352396, 'sindy_x': 0.031246336176991463, 'sindy_regularization': 0.028139475733041763}
2026-07-14 19:49:22 | INFO    | ae_sindy.train | train:135 | epoch=300 train_total=3.300331e-03 val_total=1.275901e-02 dec=1.049765e-02 lat=3.920064e-03 phys=3.073480e-02 reg=2.724712e-02 dec_ratio=1.072892e-02 dyn_ratio=7.073253e-01 active=63
2026-07-14 19:49:22 | DEBUG   | ae_sindy.train | train:148 | train_losses={'decoder': 0.001739415805786848, 'sindy_z': 0.0026357448659837246, 'sindy_x': 0.021482601761817932, 'sindy_regularization': 0.027247117832303047} val_losses={'decoder': 0.010497650131583214, 'sindy_z': 0.003920063842087984, 'sindy_x': 0.030734801664948463, 'sindy_regularization': 0.027247117832303047}
2026-07-14 19:49:22 | INFO    | ae_sindy.train | train:265 | threshold_update epoch=300 threshold=0.0885811 active=56
2026-07-14 19:49:27 | INFO    | ae_sindy.train | train:135 | epoch=310 train_total=3.291471e-03 val_total=1.372583e-02 dec=1.150872e-02 lat=3.851967e-03 phys=3.114230e-02 reg=2.540510e-02 dec_ratio=1.176227e-02 dyn_ratio=7.167033e-01 active=56
2026-07-14 19:49:27 | DEBUG   | ae_sindy.train | train:148 | train_losses={'decoder': 0.0018285028636455536, 'sindy_z': 0.002468620426952839, 'sindy_x': 0.021450769156217575, 'sindy_regularization': 0.025405099615454674} val_losses={'decoder': 0.011508721858263016, 'sindy_z': 0.0038519666995853186, 'sindy_x': 0.03114229626953602, 'sindy_regularization': 0.025405099615454674}
2026-07-14 19:49:33 | INFO    | ae_sindy.train | train:135 | epoch=320 train_total=3.253018e-03 val_total=1.171516e-02 dec=9.532180e-03 lat=3.794675e-03 phys=3.031781e-02 reg=2.486025e-02 dec_ratio=9.742179e-03 dyn_ratio=6.977286e-01 active=56
2026-07-14 19:49:33 | DEBUG   | ae_sindy.train | train:148 | train_losses={'decoder': 0.0016830211970955133, 'sindy_z': 0.0026716901920735836, 'sindy_x': 0.02177388407289982, 'sindy_regularization': 0.02486024983227253} val_losses={'decoder': 0.009532179683446884, 'sindy_z': 0.003794674528762698, 'sindy_x': 0.03031780570745468, 'sindy_regularization': 0.02486024983227253}
2026-07-14 19:49:35 | INFO    | ae_sindy.train | train:265 | threshold_update epoch=325 threshold=0.0885811 active=54
2026-07-14 19:49:38 | INFO    | ae_sindy.train | train:135 | epoch=330 train_total=2.940206e-03 val_total=1.070198e-02 dec=8.598884e-03 lat=3.653571e-03 phys=3.030897e-02 reg=2.393682e-02 dec_ratio=8.788322e-03 dyn_ratio=6.975251e-01 active=54
2026-07-14 19:49:38 | DEBUG   | ae_sindy.train | train:148 | train_losses={'decoder': 0.0014596288092434406, 'sindy_z': 0.002511486876755953, 'sindy_x': 0.022390438243746758, 'sindy_regularization': 0.023936817422509193} val_losses={'decoder': 0.008598883636295795, 'sindy_z': 0.003653571242466569, 'sindy_x': 0.03030896559357643, 'sindy_regularization': 0.023936817422509193}
2026-07-14 19:49:43 | INFO    | ae_sindy.train | train:135 | epoch=340 train_total=3.187107e-03 val_total=1.259030e-02 dec=1.055387e-02 lat=3.532064e-03 phys=3.012793e-02 reg=2.366594e-02 dec_ratio=1.078638e-02 dyn_ratio=6.933587e-01 active=54
2026-07-14 19:49:43 | DEBUG   | ae_sindy.train | train:148 | train_losses={'decoder': 0.0017258897423744202, 'sindy_z': 0.002476076828315854, 'sindy_x': 0.023134231567382812, 'sindy_regularization': 0.02366594225168228} val_losses={'decoder': 0.010553869418799877, 'sindy_z': 0.003532063914462924, 'sindy_x': 0.03012792579829693, 'sindy_regularization': 0.02366594225168228}
2026-07-14 19:49:48 | INFO    | ae_sindy.train | train:135 | epoch=350 train_total=3.109150e-03 val_total=1.107021e-02 dec=9.095429e-03 lat=3.419404e-03 phys=2.998292e-02 reg=2.344689e-02 dec_ratio=9.295807e-03 dyn_ratio=6.900216e-01 active=54
2026-07-14 19:49:48 | DEBUG   | ae_sindy.train | train:148 | train_losses={'decoder': 0.0017281833570450544, 'sindy_z': 0.002330630784854293, 'sindy_x': 0.022123068571090698, 'sindy_regularization': 0.023446891456842422} val_losses={'decoder': 0.009095429442822933, 'sindy_z': 0.003419403685256839, 'sindy_x': 0.029982920736074448, 'sindy_regularization': 0.023446891456842422}
2026-07-14 19:49:48 | INFO    | ae_sindy.train | train:265 | threshold_update epoch=350 threshold=0.0885811 active=49
2026-07-14 19:49:54 | INFO    | ae_sindy.train | train:135 | epoch=360 train_total=2.520720e-03 val_total=9.340484e-03 dec=7.341713e-03 lat=3.475445e-03 phys=3.049738e-02 reg=2.193140e-02 dec_ratio=7.503455e-03 dyn_ratio=7.018614e-01 active=49
2026-07-14 19:49:54 | DEBUG   | ae_sindy.train | train:148 | train_losses={'decoder': 0.001110292854718864, 'sindy_z': 0.0023958326783031225, 'sindy_x': 0.023118464276194572, 'sindy_regularization': 0.021931398659944534} val_losses={'decoder': 0.007341712713241577, 'sindy_z': 0.0034754446242004633, 'sindy_x': 0.030497383326292038, 'sindy_regularization': 0.021931398659944534}
2026-07-14 19:49:59 | INFO    | ae_sindy.train | train:135 | epoch=370 train_total=2.597457e-03 val_total=9.511055e-03 dec=7.526453e-03 lat=3.451553e-03 phys=3.015536e-02 reg=2.171850e-02 dec_ratio=7.692265e-03 dyn_ratio=6.939902e-01 active=49
2026-07-14 19:49:59 | DEBUG   | ae_sindy.train | train:148 | train_losses={'decoder': 0.0012273776810616255, 'sindy_z': 0.00232302350923419, 'sindy_x': 0.02285740152001381, 'sindy_regularization': 0.021718500182032585} val_losses={'decoder': 0.007526452653110027, 'sindy_z': 0.0034515531733632088, 'sindy_x': 0.03015536442399025, 'sindy_regularization': 0.021718500182032585}
2026-07-14 19:50:02 | INFO    | ae_sindy.train | train:265 | threshold_update epoch=375 threshold=0.0885811 active=45
2026-07-14 19:50:04 | INFO    | ae_sindy.train | train:135 | epoch=380 train_total=3.397791e-03 val_total=1.277128e-02 dec=1.074796e-02 lat=3.532017e-03 phys=3.037033e-02 reg=2.064642e-02 dec_ratio=1.098474e-02 dyn_ratio=6.989374e-01 active=45
2026-07-14 19:50:04 | DEBUG   | ae_sindy.train | train:148 | train_losses={'decoder': 0.0020080734975636005, 'sindy_z': 0.002369305118918419, 'sindy_x': 0.022444531321525574, 'sindy_regularization': 0.02064642123878002} val_losses={'decoder': 0.010747958905994892, 'sindy_z': 0.0035320166498422623, 'sindy_x': 0.030370330438017845, 'sindy_regularization': 0.02064642123878002}
2026-07-14 19:50:10 | INFO    | ae_sindy.train | train:135 | epoch=390 train_total=2.457973e-03 val_total=9.535674e-03 dec=7.642842e-03 lat=3.290652e-03 phys=3.016600e-02 reg=2.050604e-02 dec_ratio=7.811218e-03 dyn_ratio=6.942349e-01 active=45
2026-07-14 19:50:10 | DEBUG   | ae_sindy.train | train:148 | train_losses={'decoder': 0.0011249290546402335, 'sindy_z': 0.002266219351440668, 'sindy_x': 0.021847715601325035, 'sindy_regularization': 0.020506037399172783} val_losses={'decoder': 0.007642841897904873, 'sindy_z': 0.003290652297437191, 'sindy_x': 0.03016599640250206, 'sindy_regularization': 0.020506037399172783}
2026-07-14 19:50:15 | INFO    | ae_sindy.train | train:135 | epoch=400 train_total=2.793710e-03 val_total=1.149119e-02 dec=9.497395e-03 lat=3.478976e-03 phys=3.030585e-02 reg=2.042735e-02 dec_ratio=9.706628e-03 dyn_ratio=6.974535e-01 active=45
2026-07-14 19:50:15 | DEBUG   | ae_sindy.train | train:148 | train_losses={'decoder': 0.0014265915378928185, 'sindy_z': 0.002329509239643812, 'sindy_x': 0.022221609950065613, 'sindy_regularization': 0.020427346229553223} val_losses={'decoder': 0.009497394785284996, 'sindy_z': 0.0034789755009114742, 'sindy_x': 0.030305853113532066, 'sindy_regularization': 0.020427346229553223}
2026-07-14 19:50:15 | INFO    | ae_sindy.train | train:265 | threshold_update epoch=400 threshold=0.0885811 active=43
2026-07-14 19:50:20 | INFO    | ae_sindy.train | train:135 | epoch=410 train_total=2.937803e-03 val_total=1.069708e-02 dec=8.833966e-03 lat=3.241693e-03 phys=3.020528e-02 reg=1.972248e-02 dec_ratio=9.028583e-03 dyn_ratio=6.951390e-01 active=43
2026-07-14 19:50:20 | DEBUG   | ae_sindy.train | train:148 | train_losses={'decoder': 0.0015347667504101992, 'sindy_z': 0.002399000572040677, 'sindy_x': 0.02371002733707428, 'sindy_regularization': 0.019722482189536095} val_losses={'decoder': 0.008833966217935085, 'sindy_z': 0.0032416933681815863, 'sindy_x': 0.03020528145134449, 'sindy_regularization': 0.019722482189536095}
2026-07-14 19:50:25 | INFO    | ae_sindy.train | train:135 | epoch=420 train_total=2.659879e-03 val_total=9.167162e-03 dec=7.384298e-03 lat=3.093981e-03 phys=2.989799e-02 reg=1.959500e-02 dec_ratio=7.546978e-03 dyn_ratio=6.880670e-01 active=43
2026-07-14 19:50:25 | DEBUG   | ae_sindy.train | train:148 | train_losses={'decoder': 0.00135976227466017, 'sindy_z': 0.0022091190330684185, 'sindy_x': 0.023386064916849136, 'sindy_regularization': 0.01959499716758728} val_losses={'decoder': 0.007384297903627157, 'sindy_z': 0.0030939814168959856, 'sindy_x': 0.029897987842559814, 'sindy_regularization': 0.01959499716758728}
2026-07-14 19:50:28 | INFO    | ae_sindy.train | train:265 | threshold_update epoch=425 threshold=0.0885811 active=42
2026-07-14 19:50:31 | INFO    | ae_sindy.train | train:135 | epoch=430 train_total=2.491228e-03 val_total=9.422045e-03 dec=7.661530e-03 lat=3.054142e-03 phys=3.020405e-02 reg=1.930014e-02 dec_ratio=7.830318e-03 dyn_ratio=6.951107e-01 active=42
2026-07-14 19:50:31 | DEBUG   | ae_sindy.train | train:148 | train_losses={'decoder': 0.0012502043973654509, 'sindy_z': 0.0021010935306549072, 'sindy_x': 0.0235864520072937, 'sindy_regularization': 0.019300144165754318} val_losses={'decoder': 0.007661530282348394, 'sindy_z': 0.0030541419982910156, 'sindy_x': 0.030204052105545998, 'sindy_regularization': 0.019300144165754318}
2026-07-14 19:50:36 | INFO    | ae_sindy.train | train:135 | epoch=440 train_total=2.471474e-03 val_total=9.657606e-03 dec=7.911369e-03 lat=3.027808e-03 phys=3.017833e-02 reg=1.927637e-02 dec_ratio=8.085661e-03 dyn_ratio=6.945186e-01 active=42
2026-07-14 19:50:36 | DEBUG   | ae_sindy.train | train:148 | train_losses={'decoder': 0.0012515595881268382, 'sindy_z': 0.0020636594854295254, 'sindy_x': 0.022806229069828987, 'sindy_regularization': 0.019276367500424385} val_losses={'decoder': 0.00791136920452118, 'sindy_z': 0.0030278079211711884, 'sindy_x': 0.03017832525074482, 'sindy_regularization': 0.019276367500424385}
2026-07-14 19:50:41 | INFO    | ae_sindy.train | train:135 | epoch=450 train_total=2.343041e-03 val_total=9.527192e-03 dec=7.891249e-03 lat=2.822406e-03 phys=2.994330e-02 reg=1.934328e-02 dec_ratio=8.065097e-03 dyn_ratio=6.891098e-01 active=42
2026-07-14 19:50:41 | DEBUG   | ae_sindy.train | train:148 | train_losses={'decoder': 0.0011768132681027055, 'sindy_z': 0.001963358838111162, 'sindy_x': 0.022708773612976074, 'sindy_regularization': 0.01934327930212021} val_losses={'decoder': 0.007891248911619186, 'sindy_z': 0.002822405658662319, 'sindy_x': 0.029943300411105156, 'sindy_regularization': 0.01934327930212021}
2026-07-14 19:50:41 | INFO    | ae_sindy.train | train:265 | threshold_update epoch=450 threshold=0.0885811 active=41
2026-07-14 19:50:47 | INFO    | ae_sindy.train | train:135 | epoch=460 train_total=2.527752e-03 val_total=1.216235e-02 dec=1.036991e-02 lat=3.115905e-03 phys=3.012440e-02 reg=1.903914e-02 dec_ratio=1.059836e-02 dyn_ratio=6.932776e-01 active=41
2026-07-14 19:50:47 | DEBUG   | ae_sindy.train | train:148 | train_losses={'decoder': 0.0013513180892914534, 'sindy_z': 0.001988840289413929, 'sindy_x': 0.020855683833360672, 'sindy_regularization': 0.01903914473950863} val_losses={'decoder': 0.010369906201958656, 'sindy_z': 0.0031159045174717903, 'sindy_x': 0.030124401673674583, 'sindy_regularization': 0.01903914473950863}
2026-07-14 19:50:52 | INFO    | ae_sindy.train | train:135 | epoch=470 train_total=1.926441e-03 val_total=7.283960e-03 dec=5.649865e-03 lat=2.822329e-03 phys=2.975308e-02 reg=1.898474e-02 dec_ratio=5.774334e-03 dyn_ratio=6.847321e-01 active=41
2026-07-14 19:50:52 | DEBUG   | ae_sindy.train | train:148 | train_losses={'decoder': 0.0008472426561638713, 'sindy_z': 0.0018085013143718243, 'sindy_x': 0.020736807957291603, 'sindy_regularization': 0.01898474246263504} val_losses={'decoder': 0.005649864673614502, 'sindy_z': 0.0028223285917192698, 'sindy_x': 0.029753081500530243, 'sindy_regularization': 0.01898474246263504}
2026-07-14 19:50:54 | INFO    | ae_sindy.train | train:265 | threshold_update epoch=475 threshold=0.0885811 active=37
2026-07-14 19:50:57 | INFO    | ae_sindy.train | train:135 | epoch=480 train_total=2.170443e-03 val_total=8.867721e-03 dec=7.258652e-03 lat=2.782828e-03 phys=2.981489e-02 reg=1.810705e-02 dec_ratio=7.418564e-03 dyn_ratio=6.861546e-01 active=37
2026-07-14 19:50:57 | DEBUG   | ae_sindy.train | train:148 | train_losses={'decoder': 0.0011299820616841316, 'sindy_z': 0.0017425213009119034, 'sindy_x': 0.021242279559373856, 'sindy_regularization': 0.01810705102980137} val_losses={'decoder': 0.007258651778101921, 'sindy_z': 0.00278282817453146, 'sindy_x': 0.029814891517162323, 'sindy_regularization': 0.01810705102980137}
2026-07-14 19:51:02 | INFO    | ae_sindy.train | train:135 | epoch=490 train_total=1.981010e-03 val_total=7.389036e-03 dec=5.801896e-03 lat=2.741555e-03 phys=2.984212e-02 reg=1.815390e-02 dec_ratio=5.929715e-03 dyn_ratio=6.867812e-01 active=37
2026-07-14 19:51:02 | DEBUG   | ae_sindy.train | train:148 | train_losses={'decoder': 0.0009428288321942091, 'sindy_z': 0.00173669820651412, 'sindy_x': 0.02179907076060772, 'sindy_regularization': 0.018153898417949677} val_losses={'decoder': 0.005801896099001169, 'sindy_z': 0.0027415549848228693, 'sindy_x': 0.02984211966395378, 'sindy_regularization': 0.018153898417949677}
2026-07-14 19:51:07 | INFO    | ae_sindy.train | train:268 | starting refinement phase
2026-07-14 19:51:08 | INFO    | ae_sindy.train | train:135 | epoch=0 train_total=2.226447e-03 val_total=7.994955e-03 dec=6.463167e-03 lat=2.637633e-03 phys=2.981630e-02 reg=1.826547e-02 dec_ratio=6.605554e-03 dyn_ratio=6.861871e-01 active=37
2026-07-14 19:51:08 | DEBUG   | ae_sindy.train | train:148 | train_losses={'decoder': 0.0011127614416182041, 'sindy_z': 0.001875885296612978, 'sindy_x': 0.022020544856786728, 'sindy_regularization': 0.018265467137098312} val_losses={'decoder': 0.006463166791945696, 'sindy_z': 0.00263763265684247, 'sindy_x': 0.02981630153954029, 'sindy_regularization': 0.018265467137098312}
2026-07-14 19:51:13 | INFO    | ae_sindy.train | train:135 | epoch=10 train_total=1.973660e-03 val_total=7.779503e-03 dec=6.239253e-03 lat=2.649725e-03 phys=3.002667e-02 reg=1.865533e-02 dec_ratio=6.376707e-03 dyn_ratio=6.910285e-01 active=37
2026-07-14 19:51:13 | DEBUG   | ae_sindy.train | train:148 | train_losses={'decoder': 0.0009363620774820447, 'sindy_z': 0.0017314401920884848, 'sindy_x': 0.021557703614234924, 'sindy_regularization': 0.018655331805348396} val_losses={'decoder': 0.006239253096282482, 'sindy_z': 0.002649725181981921, 'sindy_x': 0.030026672407984734, 'sindy_regularization': 0.018655331805348396}
2026-07-14 19:51:18 | INFO    | ae_sindy.train | train:135 | epoch=20 train_total=1.940960e-03 val_total=6.448401e-03 dec=4.935818e-03 lat=2.596496e-03 phys=2.962643e-02 reg=1.896773e-02 dec_ratio=5.044557e-03 dyn_ratio=6.818173e-01 active=37
2026-07-14 19:51:18 | DEBUG   | ae_sindy.train | train:148 | train_losses={'decoder': 0.0009612624417059124, 'sindy_z': 0.0016219437820836902, 'sindy_x': 0.02140667662024498, 'sindy_regularization': 0.018967734649777412} val_losses={'decoder': 0.004935817793011665, 'sindy_z': 0.0025964961387217045, 'sindy_x': 0.029626427218317986, 'sindy_regularization': 0.018967734649777412}
2026-07-14 19:51:24 | INFO    | ae_sindy.train | train:135 | epoch=30 train_total=1.920276e-03 val_total=8.804097e-03 dec=7.284361e-03 lat=2.606961e-03 phys=2.973310e-02 reg=1.928628e-02 dec_ratio=7.444839e-03 dyn_ratio=6.842724e-01 active=37
2026-07-14 19:51:24 | DEBUG   | ae_sindy.train | train:148 | train_losses={'decoder': 0.0009479225846007466, 'sindy_z': 0.0016054653096944094, 'sindy_x': 0.021490709856152534, 'sindy_regularization': 0.019286280497908592} val_losses={'decoder': 0.007284360937774181, 'sindy_z': 0.0026069607120007277, 'sindy_x': 0.02973310463130474, 'sindy_regularization': 0.019286280497908592}
2026-07-14 19:51:29 | INFO    | ae_sindy.train | train:135 | epoch=40 train_total=2.137961e-03 val_total=8.528594e-03 dec=7.125621e-03 lat=2.388082e-03 phys=2.919653e-02 reg=1.960563e-02 dec_ratio=7.282602e-03 dyn_ratio=6.719237e-01 active=37
2026-07-14 19:51:29 | DEBUG   | ae_sindy.train | train:148 | train_losses={'decoder': 0.0011953356442973018, 'sindy_z': 0.0015482449671253562, 'sindy_x': 0.02113622985780239, 'sindy_regularization': 0.01960563473403454} val_losses={'decoder': 0.0071256207302212715, 'sindy_z': 0.002388081746175885, 'sindy_x': 0.02919652685523033, 'sindy_regularization': 0.01960563473403454}
2026-07-14 19:51:34 | INFO    | ae_sindy.train | train:317 | training complete final_decoder=5.392763e-03 final_latent=2.431528e-03 final_physical=2.925730e-02 final_reg=1.982487e-02 active=37
2026-07-14 19:51:34 | INFO    | ae_sindy.train | train:328 | saved training artifacts to final_thesis_package_v001/results/01_ae_sindy/latent8_trial014_representation/repro_latent8_trial014
2026-07-14 19:51:34 | INFO    | ae_sindy.run_train | run_train:58 | training complete run_dir=final_thesis_package_v001/results/01_ae_sindy/latent8_trial014_representation/repro_latent8_trial014 final_decoder=5.392763e-03
